MO CNT_ICON NULL ipcore_dir/CNT_ICON.v vlg61/_c_n_t___i_c_o_n.bin 1616501845
MO CNT_VIO NULL ipcore_dir/CNT_VIO.v vlg1A/_c_n_t___v_i_o.bin 1616501844
MO counter_scope NULL counter_scope.v vlg41/counter__scope.bin 1616501845
MO CNT_ILA NULL ipcore_dir/CNT_ILA.v vlg56/_c_n_t___i_l_a.bin 1616501845
MO counter NULL counter.v vlg10/counter.bin 1616501845
MO clock_div7 NULL clock_div7.v vlg29/clock__div7.bin 1616501845
